google.com
cdc.gov
roblox.com
livescore.com
webmd.com
wunderground.com
indiatimes.com
livescore.in
usnews.com
ssyoutube.com
cnbc.com
bbc.com
thefreedictionary.com
wiktionary.org
github.com
healthline.com
samsung.com
soundcloud.com
unsplash.com
weather.com
whatsapp.com
crazygames.com
britannica.com
adobe.com
bloomberg.com
poki.com
flashscore.com
ytmp3.cc
xhamster.com
booking.com
caranddriver.com
goodhousekeeping.com
mcdonalds.com
yahoo.com
facebook.com
cnet.com
tiktok.com
dominos.com
foxnews.com
xe.com
yourdictionary.com
globo.com
vocabulary.com
livescores.com
deepl.com
cricbuzz.com
dictionary.com
espn.com
espncricinfo.com
hotels.com
investopedia.com
microsoft.com
netflix.com
rottentomatoes.com
yelp.com
amazon.com
parade.com
forbes.com
spotify.com
instructure.com
spanishdict.com
expedia.com
indeed.com
playstation.com
twitch.tv
imdb.com
realtor.com
theguardian.com
clevelandclinic.org
lowes.com
wellsfargo.com
apple.com
cambridge.org
cnn.com
craigslist.org
friv.com
speedtest.net
merriam-webster.com
marketwatch.com
coinmarketcap.com
ebay.com
gsmarena.com
linkedin.com
pornhub.com
pinterest.com
bestbuy.com
blog.google
mayoclinic.org
thesaurus.com
xvideos.com
pexels.com
homedepot.com
nih.gov
steampowered.com
thepiratebay.org
timeanddate.com
walmart.com
xnxx.com
tripadvisor.com
nordstrom.com